McPAT-7 (Oct, 2021) is computing the target processor...
 

McPAT-7 (Oct, 2021) results  (current print level is 5)
*****************************************************************************************
  Technology 7 nm
  Using Long Channel Devices When Appropriate
  Interconnect metal projection= conservative interconnect technology projection
  Core clock Rate(MHz) 2000

*****************************************************************************************
Processor: 
  Area = 0.581983 mm^2
  Peak Power = 1.4668 W
  Total Leakage = 0.00561678 W
  Peak Dynamic = 1.46119 W
  Subthreshold Leakage = 0.00496487 W
  Subthreshold Leakage with power gating = 0.00251837 W
  Gate Leakage = 0.000651905 W
  Runtime Dynamic = 0.0430384 W

  Total Cores: 1 cores 
  Device Type= ITRS high performance device type
    Area = 0.43152 mm^2
    Peak Dynamic = 1.37723 W
    Subthreshold Leakage = 0.00334899 W
    Subthreshold Leakage with power gating = 0.00170073 W
    Gate Leakage = 0.000347524 W
    Runtime Dynamic = 0.0429386 W

  Total L2s: 
  Device Type= ITRS high performance device type
    Area = 0.147267 mm^2
    Peak Dynamic = 0.0552519 W
    Subthreshold Leakage = 0.00152761 W
    Subthreshold Leakage with power gating = 0.000777924 W
    Gate Leakage = 0.000290181 W
    Runtime Dynamic = 9.97529e-05 W

  Total NoCs (Network/Bus): 
  Device Type= ITRS high performance device type
    Area = 0.00319542 mm^2
    Peak Dynamic = 0.0287042 W
    Subthreshold Leakage = 8.82693e-05 W
    Subthreshold Leakage with power gating = 3.97212e-05 W
    Gate Leakage = 1.42004e-05 W
    Runtime Dynamic = 0 W

*****************************************************************************************
Core:
      Area = 0.43152 mm^2
      Peak Dynamic = 1.37723 W
      Subthreshold Leakage = 0.00334899 W
      Subthreshold Leakage with power gating = 0.00170073 W
      Gate Leakage = 0.000347524 W
      Runtime Dynamic = 0.0429386 W

      Instruction Fetch Unit:
        Area = 0.210199 mm^2
        Peak Dynamic = 0.559111 W
        Subthreshold Leakage = 0.00127728 W
        Subthreshold Leakage with power gating = 0.000699099 W
        Gate Leakage = 0.000110969 W
        Runtime Dynamic = 0.0237036 W

          Instruction Cache:
            Area = 0.016618 mm^2
            Peak Dynamic = 0.0911278 W
            Subthreshold Leakage = 0.000555569 W
            Subthreshold Leakage with power gating = 0.000259888 W
            Gate Leakage = 6.73564e-05 W
            Runtime Dynamic = 0.00788563 W

          Branch Target Buffer:
            Area = 0.0665888 mm^2
            Peak Dynamic = 0.153012 W
            Subthreshold Leakage = 0.000272205 W
            Subthreshold Leakage with power gating = 0.000155927 W
            Gate Leakage = 1.13023e-05 W
            Runtime Dynamic = 0.0046301 W

          Branch Predictor:
            Area = 0.12593 mm^2
            Peak Dynamic = 0.20597 W
            Subthreshold Leakage = 0.000426865 W
            Subthreshold Leakage with power gating = 0.00027195 W
            Gate Leakage = 2.9624e-05 W
            Runtime Dynamic = 0.00822389 W

              Global Predictor:
                Area = 0.0455973 mm^2
                Peak Dynamic = 0.0774935 W
                Subthreshold Leakage = 0.000154279 W
                Subthreshold Leakage with power gating = 9.83866e-05 W
                Gate Leakage = 1.10228e-05 W
                Runtime Dynamic = 0.00322624 W

              Local Predictor:
              L1_Local Predictor:
                Area = 0.0225111 mm^2
                Peak Dynamic = 0.0328195 W
                Subthreshold Leakage = 7.55636e-05 W
                Subthreshold Leakage with power gating = 4.85201e-05 W
                Gate Leakage = 4.68525e-06 W
                Runtime Dynamic = 0.00124104 W

              L2_Local Predictor:
                Area = 0.0114343 mm^2
                Peak Dynamic = 0.0144304 W
                Subthreshold Leakage = 3.92061e-05 W
                Subthreshold Leakage with power gating = 2.49011e-05 W
                Gate Leakage = 2.49588e-06 W
                Runtime Dynamic = 0.000530372 W

              Chooser:
                Area = 0.0455973 mm^2
                Peak Dynamic = 0.0774935 W
                Subthreshold Leakage = 0.000154279 W
                Subthreshold Leakage with power gating = 9.83866e-05 W
                Gate Leakage = 1.10228e-05 W
                Runtime Dynamic = 0.00322624 W

              RAS:
                Area = 0.000790259 mm^2
                Peak Dynamic = 0.00373286 W
                Subthreshold Leakage = 3.53845e-06 W
                Subthreshold Leakage with power gating = 1.75525e-06 W
                Gate Leakage = 3.97248e-07 W
                Runtime Dynamic = 4.74815e-09 W

          Instruction Buffer:
            Area = 0.000430185 mm^2
            Peak Dynamic = 0.0598194 W
            Subthreshold Leakage = 1.13483e-05 W
            Subthreshold Leakage with power gating = 6.25451e-06 W
            Gate Leakage = 8.83481e-07 W
            Runtime Dynamic = 0.00140796 W

          Instruction Decoder:
            Area = 0.000557024 mm^2
            Peak Dynamic = 0.0487739 W
            Subthreshold Leakage = 8.27944e-06 W
            Subthreshold Leakage with power gating = 3.72575e-06 W
            Gate Leakage = 7.93524e-07 W
            Runtime Dynamic = 0.00114799 W

      Renaming Unit:
        Area = 0.00582143 mm^2
        Peak Dynamic = 0.259043 W
        Subthreshold Leakage = 1.90801e-05 W
        Subthreshold Leakage with power gating = 1.07021e-05 W
        Gate Leakage = 2.35205e-06 W
        Runtime Dynamic = 0.00317431 W

          Int Front End RAT with 1 internal checkpoints:
            Area = 0.00111323 mm^2
            Peak Dynamic = 0.215633 W
            Subthreshold Leakage = 3.11645e-06 W
            Subthreshold Leakage with power gating = 1.73244e-06 W
            Gate Leakage = 3.20473e-07 W
            Runtime Dynamic = 0.00116448 W

          FP Front End RAT with 1 internal checkpoints:
            Area = 6.18558e-05 mm^2
            Peak Dynamic = 0.026426 W
            Subthreshold Leakage = 7.72672e-07 W
            Subthreshold Leakage with power gating = 4.29414e-07 W
            Gate Leakage = 1.11674e-07 W
            Runtime Dynamic = 0.000925515 W

          Free List:
            Area = 0.00382499 mm^2
            Peak Dynamic = 0.0115159 W
            Subthreshold Leakage = 8.3527e-06 W
            Subthreshold Leakage with power gating = 4.95248e-06 W
            Gate Leakage = 5.90408e-07 W
            Runtime Dynamic = 0.000199555 W

          FP Free List:
            Area = 0.000747107 mm^2
            Peak Dynamic = 0.00465191 W
            Subthreshold Leakage = 3.82905e-06 W
            Subthreshold Leakage with power gating = 2.23365e-06 W
            Gate Leakage = 3.2036e-07 W
            Runtime Dynamic = 6.86807e-05 W

      Load Store Unit:
        Area = 0.0266494 mm^2
        Peak Dynamic = 0.10088 W
        Subthreshold Leakage = 0.000815185 W
        Subthreshold Leakage with power gating = 0.0004069 W
        Gate Leakage = 8.61108e-05 W
        Runtime Dynamic = 0.000875029 W

          Data Cache:
            Area = 0.023064 mm^2
            Peak Dynamic = 0.0947447 W
            Subthreshold Leakage = 0.000783636 W
            Subthreshold Leakage with power gating = 0.000392703 W
            Gate Leakage = 8.1565e-05 W
            Runtime Dynamic = 0.000350442 W

          LoadQ:
            Area = 0.000547605 mm^2
            Peak Dynamic = 0.00286365 W
            Subthreshold Leakage = 1.42698e-05 W
            Subthreshold Leakage with power gating = 6.42143e-06 W
            Gate Leakage = 1.76837e-06 W
            Runtime Dynamic = 3.88493e-05 W

          StoreQ:
            Area = 0.000547605 mm^2
            Peak Dynamic = 0.00286365 W
            Subthreshold Leakage = 1.42698e-05 W
            Subthreshold Leakage with power gating = 6.42143e-06 W
            Gate Leakage = 1.76837e-06 W
            Runtime Dynamic = 7.76987e-05 W

      Memory Management Unit:
        Area = 0.000730306 mm^2
        Peak Dynamic = 0.00211713 W
        Subthreshold Leakage = 2.00302e-05 W
        Subthreshold Leakage with power gating = 9.0136e-06 W
        Runtime Dynamic = 0.000612058 W

          Itlb:
            Area = 0.000328026 mm^2
            Peak Dynamic = 0.000752536 W
            Subthreshold Leakage = 8.5105e-06 W
            Subthreshold Leakage with power gating = 3.82972e-06 W
            Gate Leakage = 9.89806e-07 W
            Runtime Dynamic = 0 W

          Dtlb:
            Area = 0.000328026 mm^2
            Peak Dynamic = 0.000752536 W
            Subthreshold Leakage = 8.5105e-06 W
            Subthreshold Leakage with power gating = 3.82972e-06 W
            Gate Leakage = 9.89806e-07 W
            Runtime Dynamic = 0 W

      Execution Unit:
        Area = 0.17453 mm^2
        Peak Dynamic = 0.45608 W
        Subthreshold Leakage = 0.00114655 W
        Subthreshold Leakage with power gating = 0.000543123 W
        Runtime Dynamic = 0.0145736 W

          Register Files:
            Area = 0.0654359 mm^2
            Peak Dynamic = 0.283906 W
            Subthreshold Leakage = 0.000203285 W
            Subthreshold Leakage with power gating = 0.000113988 W
            Gate Leakage = 1.89304e-05 W
            Runtime Dynamic = 0.00165123 W

              Integer RF:
                Area = 0.032718 mm^2
                Peak Dynamic = 0.22732 W
                Subthreshold Leakage = 0.000101642 W
                Subthreshold Leakage with power gating = 5.69942e-05 W
                Gate Leakage = 9.46521e-06 W
                Runtime Dynamic = 0.00102557 W

              Floating Point RF:
                Area = 0.032718 mm^2
                Peak Dynamic = 0.0565862 W
                Subthreshold Leakage = 0.000101642 W
                Subthreshold Leakage with power gating = 5.69942e-05 W
                Gate Leakage = 9.46521e-06 W
                Runtime Dynamic = 0.00062566 W

          Instruction Scheduler:
            Area = 0.0130167 mm^2
            Peak Dynamic = 0.116587 W
            Subthreshold Leakage = 8.26663e-05 W
            Subthreshold Leakage with power gating = 4.1865e-05 W
            Gate Leakage = 9.14263e-06 W
            Runtime Dynamic = 0.0114991 W

              Instruction Window:
                Area = 0.00354415 mm^2
                Peak Dynamic = 0.055075 W
                Subthreshold Leakage = 3.62362e-05 W
                Subthreshold Leakage with power gating = 1.63063e-05 W
                Gate Leakage = 4.6753e-06 W
                Runtime Dynamic = 0.00588473 W

              FP Instruction Window:
                Area = 0.000349058 mm^2
                Peak Dynamic = 0.00619674 W
                Subthreshold Leakage = 1.06785e-05 W
                Subthreshold Leakage with power gating = 4.80533e-06 W
                Gate Leakage = 1.541e-06 W
                Runtime Dynamic = 0.000314274 W

              ROB:
                Area = 0.00912352 mm^2
                Peak Dynamic = 0.0553156 W
                Subthreshold Leakage = 3.57516e-05 W
                Subthreshold Leakage with power gating = 2.07534e-05 W
                Gate Leakage = 2.92633e-06 W
                Runtime Dynamic = 0.00530014 W

          Integer ALUs (Count: 1 ):
            Area = 0.00942133 mm^2
            Peak Dynamic = 0.00212586 W
            Subthreshold Leakage = 9.82599e-05 W
            Subthreshold Leakage with power gating = 4.4217e-05 W
            Gate Leakage = 1.22786e-05 W
            Runtime Dynamic = 0.0004124 W

          Floating Point Units (FPUs) (Count: 1 ):
            Area = 0.0297448 mm^2
            Peak Dynamic = 0.0023916 W
            Subthreshold Leakage = 7.7556e-05 W
            Subthreshold Leakage with power gating = 3.49002e-05 W
            Gate Leakage = 9.69147e-06 W
            Runtime Dynamic = 0.000357983 W

          Complex ALUs (Mul/Div) (Count: 2 ):
            Area = 0.056528 mm^2
            Peak Dynamic = 0.00531466 W
            Subthreshold Leakage = 0.000589559 W
            Subthreshold Leakage with power gating = 0.000265302 W
            Gate Leakage = 7.36719e-05 W
            Runtime Dynamic = 0 W

          Results Broadcast Bus:
            Area Overhead = 0.000309077 mm^2
            Peak Dynamic = 0.0451017 W
            Subthreshold Leakage = 9.2215e-05 W
            Subthreshold Leakage with power gating = 4.14968e-05 W
            Gate Leakage = 1.15233e-05 W
            Runtime Dynamic = 0 W

*****************************************************************************************
L2
      Area = 0.147267 mm^2
      Peak Dynamic = 0.0552519 W
      Subthreshold Leakage = 0.00152761 W
      Subthreshold Leakage with power gating = 0.000777924 W
      Gate Leakage = 0.000290181 W
      Runtime Dynamic = 9.97529e-05 W

*****************************************************************************************
BUSES
      Area = 0.00319542 mm^2
      Peak Dynamic = 0.0287042 W
      Subthreshold Leakage = 8.82693e-05 W
      Subthreshold Leakage with power gating = 3.97212e-05 W
      Gate Leakage = 1.42004e-05 W
      Runtime Dynamic = 0 W

      Bus: 
        Area = 0.00319542 mm^2
        Peak Dynamic = 0.0287042 W
        Subthreshold Leakage = 8.82693e-05 W
        Subthreshold Leakage with power gating = 3.97212e-05 W
        Gate Leakage = 1.42004e-05 W
        Runtime Dynamic = 0 W

*****************************************************************************************
